================================================================================
测试 tensor_product_tp_component_1 与 e3nn TensorProduct 的对比
================================================================================

输入 irreps: 8x0e+8x1e
输出 irreps: 8x0e+8x1e
球谐函数阶数: 1

================================================================================
1. 当前实现 (DepthWiseTensorProduct_reducesameorder)
================================================================================
irreps_out:  8x0e+8x1e
out_source   [(0, 1, 1), (1, 1, 0), (1, 1, 1)]
instr   [(0, 0, 1, 'uvw', True), (1, 0, 0, 'uvw', True), (1, 0, 1, 'uvw', True)]

输入形状:
  h_new: torch.Size([7, 1, 4, 8])
  delta_pos_order_l: torch.Size([7, 1, 3, 1])

当前实现输出形状:
  tensor_product 输出: torch.Size([7, 1, 4, 8])
  求和后输出: torch.Size([7, 4, 8])
  输出统计:
    mean: -0.094571
    std: 1.162036
    min: -6.447199
    max: 3.622393

================================================================================
2. e3nn TensorProduct 实现
================================================================================
✓ 成功复制权重

输入 reshape 信息:
  h_new 原始形状: torch.Size([7, 1, 4, 8])
  h_new 扁平化后: torch.Size([7, 1, 32])
  irreps_in1.dim: 32
  delta_pos_order_l 原始形状: torch.Size([7, 1, 3, 1])
  delta_pos_order_l 扁平化后: torch.Size([7, 1, 3])
  irreps_edge.dim: 3

e3nn 实现输出形状:
  tensor_product 输出: torch.Size([7, 1, 32])
  求和后输出: torch.Size([7, 32])
  输出统计:
    mean: -0.109253
    std: 1.072689
    min: -7.609293
    max: 3.580500

================================================================================
3. 对比分析
================================================================================

形状匹配: ✗
  当前实现: torch.Size([7, 4, 8])
  e3nn: torch.Size([7, 32])

接口兼容性:
  forward 方法: ✓
  输入格式: 需要验证

================================================================================
4. 功能特性对比
================================================================================

当前实现特性:
  - 通道数约束: 要求所有输入 irreps 有相同通道数
  - out_source 追踪: True
  - weights_dict: True
  - get_weight_byL1L2L3: True

e3nn 实现特性:
  - 通道数约束: 无限制
  - out_source 追踪: False
  - weights_dict: False
  - get_weight_byL1L2L3: False

================================================================================
测试完成
================================================================================

================================================================================
测试多个阶数 (order = 1, 2, 3)
================================================================================

================================================================================
测试 order = 1
================================================================================
irreps_out:  128x0e+128x1e
out_source   [(0, 1, 1), (1, 1, 0), (1, 1, 1)]
instr   [(0, 0, 1, 'uvw', True), (1, 0, 0, 'uvw', True), (1, 0, 1, 'uvw', True)]
  ✗ order 1: 出错 - The size of tensor a (128) must match the size of tensor b (512) at non-singleton dimension 2

================================================================================
测试 order = 2
================================================================================
irreps_out:  128x0e+128x1e+128x2e
out_source   [(0, 2, 2), (1, 2, 1), (1, 2, 2), (2, 2, 0), (2, 2, 1), (2, 2, 2)]
instr   [(0, 0, 2, 'uvw', True), (1, 0, 1, 'uvw', True), (1, 0, 2, 'uvw', True), (2, 0, 0, 'uvw', True), (2, 0, 1, 'uvw', True), (2, 0, 2, 'uvw', True)]
  ✗ order 2: 出错 - The size of tensor a (128) must match the size of tensor b (1152) at non-singleton dimension 2

================================================================================
测试 order = 3
================================================================================
irreps_out:  128x0e+128x1e+128x2e+128x3e
out_source   [(0, 3, 3), (1, 3, 2), (1, 3, 3), (2, 3, 1), (2, 3, 2), (2, 3, 3), (3, 3, 0), (3, 3, 1), (3, 3, 2), (3, 3, 3)]
instr   [(0, 0, 3, 'uvw', True), (1, 0, 2, 'uvw', True), (1, 0, 3, 'uvw', True), (2, 0, 1, 'uvw', True), (2, 0, 2, 'uvw', True), (2, 0, 3, 'uvw', True), (3, 0, 0, 'uvw', True), (3, 0, 1, 'uvw', True), (3, 0, 2, 'uvw', True), (3, 0, 3, 'uvw', True)]
  ✗ order 3: 出错 - The size of tensor a (128) must match the size of tensor b (2048) at non-singleton dimension 2

================================================================================
梯度一致性测试
================================================================================
irreps_out:  128x0e+128x1e+128x2e
out_source   [(0, 2, 2), (1, 2, 1), (1, 2, 2), (2, 2, 0), (2, 2, 1), (2, 2, 2)]
instr   [(0, 0, 2, 'uvw', True), (1, 0, 1, 'uvw', True), (1, 0, 2, 'uvw', True), (2, 0, 0, 'uvw', True), (2, 0, 1, 'uvw', True), (2, 0, 2, 'uvw', True)]

✗ 梯度测试出错: Trying to backward through the graph a second time (or directly access saved tensors after they have already been freed). Saved intermediate values of the graph are freed when you call .backward() or autograd.grad(). Specify retain_graph=True if you need to backward through the graph a second time or if you need to access saved tensors after calling backward.

================================================================================
所有测试完成
================================================================================

提示: 查看 test_e3nn_replacement_README.md 了解如何解读测试结果
